C:\Users\decri\AppData\Local\Programs\Python\Python313\Lib\site-packages\pytest_asyncio\plugin.py:247: PytestDeprecationWarning: The configuration option "asyncio_default_fixture_loop_scope" is unset.
The event loop scope for asynchronous fixtures will default to the fixture caching scope. Future versions of pytest-asyncio will default the loop scope for asynchronous fixtures to function scope. Set the default fixture loop scope explicitly in order to avoid unexpected behavior in the future. Valid fixture loop scopes are: "function", "class", "module", "package", "session"

  warnings.warn(PytestDeprecationWarning(_DEFAULT_FIXTURE_LOOP_SCOPE_UNSET))
============================= test session starts =============================
platform win32 -- Python 3.13.6, pytest-8.3.3, pluggy-1.6.0 -- C:\Users\decri\AppData\Local\Programs\Python\Python313\python.exe
cachedir: .pytest_cache
hypothesis profile 'default'
rootdir: C:\Users\decri\GitClones\Crypto
configfile: pytest.ini
plugins: anyio-4.11.0, hypothesis-6.148.2, asyncio-1.3.0, cov-6.0.0, mock-3.14.0, timeout-2.4.0, xdist-3.8.0
asyncio: mode=Mode.STRICT, debug=False, asyncio_default_fixture_loop_scope=None, asyncio_default_test_loop_scope=function
collecting ... collected 4564 items / 44 deselected / 4520 selected

tests/xai_tests/integration/test_api_ai_endpoints.py::TestAIAPIIntegrationSetup::test_flask_app_initialization PASSED [  0%]
tests/xai_tests/integration/test_api_ai_endpoints.py::TestAIAPIIntegrationSetup::test_all_routes_registered PASSED [  0%]
tests/xai_tests/integration/test_api_ai_endpoints.py::TestAtomicSwapIntegration::test_atomic_swap_complete_flow PASSED [  0%]
tests/xai_tests/integration/test_api_ai_endpoints.py::TestAtomicSwapIntegration::test_atomic_swap_invalid_address PASSED [  0%]
tests/xai_tests/integration/test_api_ai_endpoints.py::TestAtomicSwapIntegration::test_atomic_swap_ai_disabled PASSED [  0%]
tests/xai_tests/integration/test_api_ai_endpoints.py::TestAtomicSwapIntegration::test_atomic_swap_ai_provider_failure PASSED [  0%]
tests/xai_tests/integration/test_api_ai_endpoints.py::TestSmartContractIntegration::test_smart_contract_create_and_deploy_workflow PASSED [  0%]
tests/xai_tests/integration/test_api_ai_endpoints.py::TestSmartContractIntegration::test_contract_creation_validation PASSED [  0%]
tests/xai_tests/integration/test_api_ai_endpoints.py::TestSmartContractIntegration::test_contract_deployment_mainnet_vs_testnet PASSED [  0%]
tests/xai_tests/integration/test_api_ai_endpoints.py::TestTransactionOptimizationIntegration::test_transaction_optimization_flow PASSED [  0%]
tests/xai_tests/integration/test_api_ai_endpoints.py::TestTransactionOptimizationIntegration::test_transaction_optimization_missing_transaction PASSED [  0%]
tests/xai_tests/integration/test_api_ai_endpoints.py::TestBlockchainAnalysisIntegration::test_blockchain_analysis_comprehensive PASSED [  0%]
tests/xai_tests/integration/test_api_ai_endpoints.py::TestBlockchainAnalysisIntegration::test_blockchain_analysis_missing_query PASSED [  0%]
tests/xai_tests/integration/test_api_ai_endpoints.py::TestWalletOperationsIntegration::test_wallet_analysis_complete PASSED [  0%]
tests/xai_tests/integration/test_api_ai_endpoints.py::TestWalletOperationsIntegration::test_wallet_recovery_with_guardians PASSED [  0%]
tests/xai_tests/integration/test_api_ai_endpoints.py::TestWalletOperationsIntegration::test_wallet_recovery_invalid_guardian PASSED [  0%]
tests/xai_tests/integration/test_api_ai_endpoints.py::TestNodeSetupIntegration::test_node_setup_recommendations PASSED [  0%]
tests/xai_tests/integration/test_api_ai_endpoints.py::TestNodeSetupIntegration::test_node_setup_invalid_region PASSED [  0%]
tests/xai_tests/integration/test_api_ai_endpoints.py::TestLiquidityPoolIntegration::test_liquidity_alert_response PASSED [  0%]
tests/xai_tests/integration/test_api_ai_endpoints.py::TestLiquidityPoolIntegration::test_liquidity_alert_missing_pool_name PASSED [  0%]
tests/xai_tests/integration/test_api_ai_endpoints.py::TestLiquidityPoolIntegration::test_liquidity_alert_invalid_pool_name PASSED [  0%]
tests/xai_tests/integration/test_api_ai_endpoints.py::TestPersonalAIAssistantsIntegration::test_list_assistants_success PASSED [  0%]
tests/xai_tests/integration/test_api_ai_endpoints.py::TestPersonalAIAssistantsIntegration::test_list_assistants_disabled PASSED [  0%]
tests/xai_tests/integration/test_api_ai_endpoints.py::TestQuestioningSystemIntegration::test_question_submission_and_answer_workflow PASSED [  0%]
tests/xai_tests/integration/test_api_ai_endpoints.py::TestQuestioningSystemIntegration::test_question_id_generation_uniqueness PASSED [  0%]
tests/xai_tests/integration/test_api_ai_endpoints.py::TestQuestioningSystemIntegration::test_get_pending_questions PASSED [  0%]
tests/xai_tests/integration/test_api_ai_endpoints.py::TestAuthenticationAndHeaders::test_missing_required_headers PASSED [  0%]
tests/xai_tests/integration/test_api_ai_endpoints.py::TestAuthenticationAndHeaders::test_partial_headers PASSED [  0%]
tests/xai_tests/integration/test_api_ai_endpoints.py::TestAuthenticationAndHeaders::test_default_header_values PASSED [  0%]
tests/xai_tests/integration/test_api_ai_endpoints.py::TestAuthenticationAndHeaders::test_different_ai_providers PASSED [  0%]
tests/xai_tests/integration/test_api_ai_endpoints.py::TestErrorHandling::test_malformed_json FAILED [  0%]
tests/xai_tests/integration/test_api_ai_endpoints.py::TestErrorHandling::test_empty_request_body PASSED [  0%]
tests/xai_tests/integration/test_api_ai_endpoints.py::TestErrorHandling::test_exception_in_ai_operation FAILED [  0%]
tests/xai_tests/integration/test_api_ai_endpoints.py::TestEdgeCasesIntegration::test_very_long_query PASSED [  0%]
tests/xai_tests/integration/test_api_ai_endpoints.py::TestEdgeCasesIntegration::test_null_values_in_payload PASSED [  0%]
tests/xai_tests/integration/test_api_ai_endpoints.py::TestEdgeCasesIntegration::test_unicode_in_requests PASSED [  0%]
tests/xai_tests/integration/test_api_governance_endpoints.py::TestProposalSubmission::test_submit_proposal_success PASSED [  0%]
tests/xai_tests/integration/test_api_governance_endpoints.py::TestProposalSubmission::test_submit_proposal_generates_unique_id PASSED [  0%]
tests/xai_tests/integration/test_api_governance_endpoints.py::TestProposalSubmission::test_submit_proposal_with_minimal_data PASSED [  0%]
tests/xai_tests/integration/test_api_governance_endpoints.py::TestProposalSubmission::test_submit_proposal_different_types PASSED [  0%]
tests/xai_tests/integration/test_api_governance_endpoints.py::TestProposalSubmission::test_submit_proposal_with_long_description PASSED [  0%]
tests/xai_tests/integration/test_api_governance_endpoints.py::TestProposalRetrieval::test_get_proposals_default PASSED [  0%]
tests/xai_tests/integration/test_api_governance_endpoints.py::TestProposalRetrieval::test_get_proposals_by_status PASSED [  0%]
tests/xai_tests/integration/test_api_governance_endpoints.py::TestProposalRetrieval::test_get_proposals_with_limit PASSED [  0%]
tests/xai_tests/integration/test_api_governance_endpoints.py::TestProposalRetrieval::test_get_proposals_pagination PASSED [  0%]
tests/xai_tests/integration/test_api_governance_endpoints.py::TestProposalRetrieval::test_get_proposals_multiple_filters PASSED [  1%]
tests/xai_tests/integration/test_api_governance_endpoints.py::TestVoteSubmission::test_submit_vote_success PASSED [  1%]
tests/xai_tests/integration/test_api_governance_endpoints.py::TestVoteSubmission::test_submit_vote_no PASSED [  1%]
tests/xai_tests/integration/test_api_governance_endpoints.py::TestVoteSubmission::test_submit_vote_abstain PASSED [  1%]
tests/xai_tests/integration/test_api_governance_endpoints.py::TestVoteSubmission::test_submit_vote_includes_voting_power PASSED [  1%]
tests/xai_tests/integration/test_api_governance_endpoints.py::TestVoteSubmission::test_submit_vote_includes_breakdown PASSED [  1%]
tests/xai_tests/integration/test_api_governance_endpoints.py::TestVotingPowerCalculation::test_get_voting_power_success PASSED [  1%]
tests/xai_tests/integration/test_api_governance_endpoints.py::TestVotingPowerCalculation::test_voting_power_includes_breakdown PASSED [  1%]
tests/xai_tests/integration/test_api_governance_endpoints.py::TestVotingPowerCalculation::test_voting_power_coin_calculation PASSED [  1%]
tests/xai_tests/integration/test_api_governance_endpoints.py::TestVotingPowerCalculation::test_voting_power_different_balances PASSED [  1%]
tests/xai_tests/integration/test_api_governance_endpoints.py::TestVotingPowerCalculation::test_voting_power_total_calculation PASSED [  1%]
tests/xai_tests/integration/test_api_governance_endpoints.py::TestFiatUnlockVoting::test_fiat_unlock_vote_success PASSED [  1%]
tests/xai_tests/integration/test_api_governance_endpoints.py::TestFiatUnlockVoting::test_fiat_unlock_vote_against PASSED [  1%]
tests/xai_tests/integration/test_api_governance_endpoints.py::TestFiatUnlockVoting::test_fiat_unlock_vote_with_user_address PASSED [  1%]
tests/xai_tests/integration/test_api_governance_endpoints.py::TestFiatUnlockVoting::test_fiat_unlock_vote_without_address PASSED [  1%]
tests/xai_tests/integration/test_api_governance_endpoints.py::TestFiatUnlockVoting::test_fiat_unlock_vote_invalid_address PASSED [  1%]
tests/xai_tests/integration/test_api_governance_endpoints.py::TestFiatUnlockVoting::test_fiat_unlock_vote_when_voting_closed PASSED [  1%]
tests/xai_tests/integration/test_api_governance_endpoints.py::TestFiatUnlockVoting::test_fiat_unlock_vote_with_reason PASSED [  1%]
tests/xai_tests/integration/test_api_governance_endpoints.py::TestFiatUnlockVoting::test_fiat_unlock_vote_without_reason PASSED [  1%]
tests/xai_tests/integration/test_api_governance_endpoints.py::TestFiatUnlockVoting::test_fiat_unlock_vote_default_support PASSED [  1%]
tests/xai_tests/integration/test_api_governance_endpoints.py::TestFiatUnlockStatus::test_get_fiat_unlock_status PASSED [  1%]
tests/xai_tests/integration/test_api_governance_endpoints.py::TestFiatUnlockStatus::test_status_includes_voting_info PASSED [  1%]
tests/xai_tests/integration/test_api_governance_endpoints.py::TestFiatUnlockStatus::test_status_no_parameters_required PASSED [  1%]
tests/xai_tests/integration/test_api_governance_endpoints.py::TestGovernanceErrorHandling::test_submit_proposal_no_body PASSED [  1%]
tests/xai_tests/integration/test_api_governance_endpoints.py::TestGovernanceErrorHandling::test_submit_vote_no_body PASSED [  1%]
tests/xai_tests/integration/test_api_governance_endpoints.py::TestGovernanceErrorHandling::test_malformed_json_proposal PASSED [  1%]
tests/xai_tests/integration/test_api_governance_endpoints.py::TestGovernanceErrorHandling::test_malformed_json_vote PASSED [  1%]
tests/xai_tests/integration/test_api_governance_endpoints.py::TestGovernanceValidation::test_validate_address_on_fiat_vote PASSED [  1%]
tests/xai_tests/integration/test_api_governance_endpoints.py::TestGovernanceValidation::test_address_validation_error_handling PASSED [  1%]
tests/xai_tests/integration/test_api_governance_endpoints.py::TestGovernanceIntegration::test_proposal_lifecycle PASSED [  1%]
tests/xai_tests/integration/test_api_governance_endpoints.py::TestGovernanceIntegration::test_multiple_voters_on_proposal PASSED [  1%]
tests/xai_tests/integration/test_api_governance_endpoints.py::TestGovernanceIntegration::test_voting_power_before_voting PASSED [  1%]
tests/xai_tests/integration/test_api_governance_endpoints.py::TestGovernanceProposalTypes::test_ai_improvement_proposal PASSED [  1%]
tests/xai_tests/integration/test_api_governance_endpoints.py::TestGovernanceProposalTypes::test_parameter_change_proposal PASSED [  1%]
tests/xai_tests/integration/test_api_governance_endpoints.py::TestGovernanceProposalTypes::test_emergency_proposal PASSED [  1%]
tests/xai_tests/integration/test_api_governance_endpoints.py::TestVotingPowerEdgeCases::test_voting_power_zero_balance PASSED [  1%]
tests/xai_tests/integration/test_api_governance_endpoints.py::TestVotingPowerEdgeCases::test_voting_power_large_balance PASSED [  1%]
tests/xai_tests/integration/test_api_governance_endpoints.py::TestFiatUnlockEdgeCases::test_fiat_unlock_empty_payload PASSED [  1%]
tests/xai_tests/integration/test_api_governance_endpoints.py::TestFiatUnlockEdgeCases::test_fiat_unlock_bool_conversion PASSED [  1%]
tests/xai_tests/integration/test_api_mining_endpoints.py::TestMiningStartEndpoint::test_start_mining_success PASSED [  1%]
tests/xai_tests/integration/test_api_mining_endpoints.py::TestMiningStartEndpoint::test_start_mining_without_address PASSED [  1%]
tests/xai_tests/integration/test_api_mining_endpoints.py::TestMiningStartEndpoint::test_start_mining_invalid_intensity PASSED [  1%]
tests/xai_tests/integration/test_api_mining_endpoints.py::TestMiningStartEndpoint::test_start_mining_already_active PASSED [  1%]
tests/xai_tests/integration/test_api_mining_endpoints.py::TestMiningStartEndpoint::test_start_mining_low_intensity PASSED [  1%]
tests/xai_tests/integration/test_api_mining_endpoints.py::TestMiningStartEndpoint::test_start_mining_high_intensity PASSED [  1%]
tests/xai_tests/integration/test_api_mining_endpoints.py::TestMiningStartEndpoint::test_start_mining_default_threads PASSED [  2%]
tests/xai_tests/integration/test_api_mining_endpoints.py::TestMiningStopEndpoint::test_stop_mining_success PASSED [  2%]
tests/xai_tests/integration/test_api_mining_endpoints.py::TestMiningStopEndpoint::test_stop_mining_not_active PASSED [  2%]
tests/xai_tests/integration/test_api_mining_endpoints.py::TestMiningStopEndpoint::test_stop_mining_without_address PASSED [  2%]
tests/xai_tests/integration/test_api_mining_endpoints.py::TestMiningStopEndpoint::test_stop_mining_broadcasts_event PASSED [  2%]
tests/xai_tests/integration/test_api_mining_endpoints.py::TestMiningStopEndpoint::test_stop_mining_clears_thread_state PASSED [  2%]
tests/xai_tests/integration/test_api_mining_endpoints.py::TestMiningStatusEndpoint::test_get_status_not_mining PASSED [  2%]
tests/xai_tests/integration/test_api_mining_endpoints.py::TestMiningStatusEndpoint::test_get_status_while_mining PASSED [  2%]
tests/xai_tests/integration/test_api_mining_endpoints.py::TestMiningStatusEndpoint::test_get_status_without_address PASSED [  2%]
tests/xai_tests/integration/test_api_mining_endpoints.py::TestMiningStatusEndpoint::test_get_status_acceptance_rate PASSED [  2%]
tests/xai_tests/integration/test_api_mining_endpoints.py::TestMiningStatusEndpoint::test_get_status_hashrate_history PASSED [  2%]
tests/xai_tests/integration/test_api_mining_endpoints.py::TestMiningStatistics::test_mining_stats_initialized PASSED [  2%]
tests/xai_tests/integration/test_api_mining_endpoints.py::TestMiningStatistics::test_mining_thread_info_stored PASSED [  2%]
tests/xai_tests/integration/test_api_mining_endpoints.py::TestMiningValidation::test_validate_intensity_levels PASSED [  2%]
tests/xai_tests/integration/test_api_mining_endpoints.py::TestMiningValidation::test_reject_invalid_intensity PASSED [  2%]
tests/xai_tests/integration/test_api_mining_endpoints.py::TestMiningWebSocketBroadcast::test_broadcast_on_mining_start PASSED [  2%]
tests/xai_tests/integration/test_api_mining_endpoints.py::TestMiningWebSocketBroadcast::test_broadcast_on_mining_stop PASSED [  2%]
tests/xai_tests/integration/test_api_mining_endpoints.py::TestMiningErrorHandling::test_missing_request_body PASSED [  2%]
tests/xai_tests/integration/test_api_mining_endpoints.py::TestMiningErrorHandling::test_malformed_json PASSED [  2%]
tests/xai_tests/integration/test_api_mining_endpoints.py::TestMiningErrorHandling::test_empty_miner_address PASSED [  2%]
tests/xai_tests/integration/test_api_mining_endpoints.py::TestMiningMultipleMiners::test_multiple_miners_can_mine PASSED [  2%]
tests/xai_tests/integration/test_api_mining_endpoints.py::TestMiningMultipleMiners::test_each_miner_has_separate_stats PASSED [  2%]
tests/xai_tests/integration/test_api_mining_endpoints.py::TestMiningDifficulty::test_status_includes_current_difficulty PASSED [  2%]
tests/xai_tests/integration/test_api_mining_endpoints.py::TestMiningUptime::test_uptime_increases PASSED [  2%]
tests/xai_tests/integration/test_api_wallet_endpoints.py::TestWalletCreationEndpoints::test_create_wallet_success FAILED [  2%]
tests/xai_tests/integration/test_api_wallet_endpoints.py::TestWalletCreationEndpoints::test_create_wallet_generates_unique_wallets FAILED [  2%]
tests/xai_tests/integration/test_api_wallet_endpoints.py::TestWalletCreationEndpoints::test_create_embedded_wallet_success PASSED [  2%]
tests/xai_tests/integration/test_api_wallet_endpoints.py::TestWalletCreationEndpoints::test_create_embedded_wallet_missing_fields PASSED [  2%]
tests/xai_tests/integration/test_api_wallet_endpoints.py::TestWalletCreationEndpoints::test_create_embedded_wallet_alias_exists PASSED [  2%]
tests/xai_tests/integration/test_api_wallet_endpoints.py::TestWalletCreationEndpoints::test_create_embedded_wallet_not_enabled PASSED [  2%]
tests/xai_tests/integration/test_api_wallet_endpoints.py::TestWalletCreationEndpoints::test_login_embedded_wallet_success PASSED [  2%]
tests/xai_tests/integration/test_api_wallet_endpoints.py::TestWalletCreationEndpoints::test_login_embedded_wallet_missing_fields PASSED [  2%]
tests/xai_tests/integration/test_api_wallet_endpoints.py::TestWalletCreationEndpoints::test_login_embedded_wallet_auth_failed PASSED [  2%]
tests/xai_tests/integration/test_api_wallet_endpoints.py::TestWalletCreationEndpoints::test_login_embedded_wallet_not_enabled PASSED [  2%]
tests/xai_tests/integration/test_api_wallet_endpoints.py::TestWalletConnectEndpoints::test_walletconnect_handshake_success PASSED [  2%]
tests/xai_tests/integration/test_api_wallet_endpoints.py::TestWalletConnectEndpoints::test_walletconnect_handshake_missing_address PASSED [  2%]
tests/xai_tests/integration/test_api_wallet_endpoints.py::TestWalletConnectEndpoints::test_walletconnect_confirm_success PASSED [  2%]
tests/xai_tests/integration/test_api_wallet_endpoints.py::TestWalletConnectEndpoints::test_walletconnect_confirm_missing_fields PASSED [  2%]
tests/xai_tests/integration/test_api_wallet_endpoints.py::TestWalletConnectEndpoints::test_walletconnect_confirm_handshake_failed PASSED [  2%]
tests/xai_tests/integration/test_api_wallet_endpoints.py::TestTradeSessionEndpoints::test_register_trade_session_success PASSED [  2%]
tests/xai_tests/integration/test_api_wallet_endpoints.py::TestTradeSessionEndpoints::test_register_trade_session_missing_address PASSED [  2%]
tests/xai_tests/integration/test_api_wallet_endpoints.py::TestTradeOrderEndpoints::test_list_trade_orders_empty PASSED [  2%]
tests/xai_tests/integration/test_api_wallet_endpoints.py::TestTradeOrderEndpoints::test_list_trade_orders_with_data PASSED [  2%]
tests/xai_tests/integration/test_api_wallet_endpoints.py::TestTradeOrderEndpoints::test_create_trade_order_success PASSED [  2%]
tests/xai_tests/integration/test_api_wallet_endpoints.py::TestTradeOrderEndpoints::test_create_trade_order_with_match PASSED [  2%]
tests/xai_tests/integration/test_api_wallet_endpoints.py::TestTradeOrderEndpoints::test_get_trade_order_success PASSED [  3%]
tests/xai_tests/integration/test_api_wallet_endpoints.py::TestTradeOrderEndpoints::test_get_trade_order_not_found PASSED [  3%]
tests/xai_tests/integration/test_api_wallet_endpoints.py::TestTradeMatchEndpoints::test_list_trade_matches_empty PASSED [  3%]
tests/xai_tests/integration/test_api_wallet_endpoints.py::TestTradeMatchEndpoints::test_list_trade_matches_with_data PASSED [  3%]
tests/xai_tests/integration/test_api_wallet_endpoints.py::TestTradeMatchEndpoints::test_get_trade_match_success PASSED [  3%]
tests/xai_tests/integration/test_api_wallet_endpoints.py::TestTradeMatchEndpoints::test_get_trade_match_not_found PASSED [  3%]
tests/xai_tests/integration/test_api_wallet_endpoints.py::TestTradeMatchEndpoints::test_submit_trade_secret_success PASSED [  3%]
tests/xai_tests/integration/test_api_wallet_endpoints.py::TestTradeMatchEndpoints::test_submit_trade_secret_missing_secret PASSED [  3%]
tests/xai_tests/integration/test_api_wallet_endpoints.py::TestTradeMatchEndpoints::test_submit_trade_secret_failed PASSED [  3%]
tests/xai_tests/integration/test_api_wallet_endpoints.py::TestGossipAndSnapshotEndpoints::test_inbound_gossip_success FAILED [  3%]
tests/xai_tests/integration/test_api_wallet_endpoints.py::TestGossipAndSnapshotEndpoints::test_inbound_gossip_invalid_secret FAILED [  3%]
tests/xai_tests/integration/test_api_wallet_endpoints.py::TestGossipAndSnapshotEndpoints::test_inbound_gossip_missing_secret FAILED [  3%]
tests/xai_tests/integration/test_api_wallet_endpoints.py::TestGossipAndSnapshotEndpoints::test_snapshot_orderbook PASSED [  3%]
tests/xai_tests/integration/test_api_wallet_endpoints.py::TestGossipAndSnapshotEndpoints::test_register_trade_peer_success FAILED [  3%]
tests/xai_tests/integration/test_api_wallet_endpoints.py::TestGossipAndSnapshotEndpoints::test_register_trade_peer_missing_host FAILED [  3%]
tests/xai_tests/integration/test_api_wallet_endpoints.py::TestGossipAndSnapshotEndpoints::test_register_trade_peer_invalid_secret FAILED [  3%]
tests/xai_tests/integration/test_api_wallet_endpoints.py::TestGossipAndSnapshotEndpoints::test_trade_backfill_empty PASSED [  3%]
tests/xai_tests/integration/test_api_wallet_endpoints.py::TestGossipAndSnapshotEndpoints::test_trade_backfill_with_limit PASSED [  3%]
tests/xai_tests/integration/test_api_wallet_endpoints.py::TestGossipAndSnapshotEndpoints::test_get_trade_history PASSED [  3%]
tests/xai_tests/integration/test_api_wallet_endpoints.py::TestWalletSeedsEndpoints::test_wallet_seeds_snapshot_success PASSED [  3%]
tests/xai_tests/integration/test_api_wallet_endpoints.py::TestWalletSeedsEndpoints::test_wallet_seeds_snapshot_not_found PASSED [  3%]
tests/xai_tests/integration/test_api_wallet_endpoints.py::TestMetricsEndpoint::test_metrics_endpoint PASSED [  3%]
tests/xai_tests/integration/test_api_wallet_endpoints.py::TestSecurityAndValidation::test_invalid_json_payload PASSED [  3%]
tests/xai_tests/integration/test_api_wallet_endpoints.py::TestSecurityAndValidation::test_empty_json_payload PASSED [  3%]
tests/xai_tests/integration/test_api_wallet_endpoints.py::TestSecurityAndValidation::test_large_payload_handling PASSED [  3%]
tests/xai_tests/integration/test_api_wallet_endpoints.py::TestSecurityAndValidation::test_sql_injection_attempt PASSED [  3%]
tests/xai_tests/integration/test_api_wallet_endpoints.py::TestSecurityAndValidation::test_xss_attempt_in_alias PASSED [  3%]
tests/xai_tests/integration/test_api_wallet_endpoints.py::TestSecurityAndValidation::test_path_traversal_in_order_id PASSED [  3%]
tests/xai_tests/integration/test_api_wallet_endpoints.py::TestSecurityAndValidation::test_negative_limit_in_backfill PASSED [  3%]
tests/xai_tests/integration/test_api_wallet_endpoints.py::TestSecurityAndValidation::test_extremely_large_limit PASSED [  3%]
tests/xai_tests/integration/test_api_wallet_endpoints.py::TestSecurityAndValidation::test_special_characters_in_wallet_address PASSED [  3%]
tests/xai_tests/integration/test_api_wallet_endpoints.py::TestEdgeCases::test_concurrent_wallet_creation FAILED [  3%]
tests/xai_tests/integration/test_api_wallet_endpoints.py::TestEdgeCases::test_order_id_with_special_format PASSED [  3%]
tests/xai_tests/integration/test_api_wallet_endpoints.py::TestEdgeCases::test_empty_string_parameters PASSED [  3%]
tests/xai_tests/integration/test_api_wallet_endpoints.py::TestEdgeCases::test_null_parameters PASSED [  3%]
tests/xai_tests/integration/test_api_wallet_endpoints.py::TestEdgeCases::test_unicode_in_alias PASSED [  3%]
tests/xai_tests/integration/test_api_wallet_endpoints.py::TestEdgeCases::test_very_long_order_id PASSED [  3%]
tests/xai_tests/integration/test_api_wallet_endpoints.py::TestWebSocketBroadcasting::test_order_created_broadcasts PASSED [  3%]
tests/xai_tests/integration/test_api_wallet_endpoints.py::TestWebSocketBroadcasting::test_match_settlement_broadcasts PASSED [  3%]
tests/xai_tests/integration/test_api_wallet_endpoints.py::TestGossipProtocol::test_gossip_to_peers_on_order_creation FAILED [  3%]
tests/xai_tests/integration/test_api_wallet_endpoints.py::TestResponseFormats::test_success_response_format FAILED [  3%]
tests/xai_tests/integration/test_api_wallet_endpoints.py::TestResponseFormats::test_error_response_format PASSED [  3%]
tests/xai_tests/integration/test_api_wallet_endpoints.py::TestResponseFormats::test_json_content_type FAILED [  3%]
tests/xai_tests/integration/test_api_wallet_endpoints.py::TestPrometheusMetrics::test_trade_order_counter_increments PASSED [  3%]
tests/xai_tests/integration/test_api_wallet_endpoints.py::TestPrometheusMetrics::test_walletconnect_session_counter PASSED [  3%]
tests/xai_tests/integration/test_chain_reorg.py::TestBlockchainReorganization::test_simple_fork_resolution FAILED [  4%]
tests/xai_tests/integration/test_chain_reorg.py::TestBlockchainReorganization::test_deep_reorg FAILED [  4%]
tests/xai_tests/integration/test_chain_reorg.py::TestBlockchainReorganization::test_reorg_with_transactions FAILED [  4%]
tests/xai_tests/integration/test_chain_reorg.py::TestBlockchainReorganization::test_reorg_doesnt_lose_valid_txs FAILED [  4%]
tests/xai_tests/integration/test_chain_reorg.py::TestBlockchainReorganization::test_reorg_chain_validation PASSED [  4%]
tests/xai_tests/integration/test_chain_reorg.py::TestBlockchainReorganization::test_very_deep_reorg PASSED [  4%]
tests/xai_tests/integration/test_chain_reorg.py::TestBlockchainReorganization::test_reorg_protection PASSED [  4%]
tests/xai_tests/integration/test_chain_reorg.py::TestReorgEdgeCases::test_empty_fork_reorg PASSED [  4%]
tests/xai_tests/integration/test_chain_reorg.py::TestReorgEdgeCases::test_simultaneous_blocks_reorg PASSED [  4%]
tests/xai_tests/integration/test_chain_reorg_comprehensive.py::TestSimpleChainReorg::test_single_block_fork_resolution PASSED [  4%]
tests/xai_tests/integration/test_chain_reorg_comprehensive.py::TestSimpleChainReorg::test_two_block_fork_resolution PASSED [  4%]
tests/xai_tests/integration/test_chain_reorg_comprehensive.py::TestSimpleChainReorg::test_equal_length_fork_uses_work PASSED [  4%]
tests/xai_tests/integration/test_chain_reorg_comprehensive.py::TestDeepChainReorg::test_ten_block_reorganization PASSED [  4%]
tests/xai_tests/integration/test_chain_reorg_comprehensive.py::TestDeepChainReorg::test_deep_reorg_validates_all_blocks PASSED [  4%]
tests/xai_tests/integration/test_chain_reorg_comprehensive.py::TestTransactionHandlingDuringReorg::test_transactions_survive_reorg PASSED [  4%]
tests/xai_tests/integration/test_chain_reorg_comprehensive.py::TestTransactionHandlingDuringReorg::test_double_spend_prevented_after_reorg PASSED [  4%]
tests/xai_tests/integration/test_chain_reorg_comprehensive.py::TestUTXOConsistencyDuringReorg::test_utxo_set_updated_after_reorg PASSED [  4%]
tests/xai_tests/integration/test_chain_reorg_comprehensive.py::TestUTXOConsistencyDuringReorg::test_utxo_set_rollback_on_reorg PASSED [  4%]
tests/xai_tests/integration/test_chain_reorg_comprehensive.py::TestOrphanBlockHandling::test_orphan_block_stored_until_parent_arrives PASSED [  4%]
tests/xai_tests/integration/test_chain_reorg_comprehensive.py::TestOrphanBlockHandling::test_orphan_block_processed_when_parent_arrives PASSED [  4%]
tests/xai_tests/integration/test_chain_reorg_comprehensive.py::TestCompetingChains::test_three_way_fork_resolution PASSED [  4%]
tests/xai_tests/integration/test_chain_reorg_comprehensive.py::TestCompetingChains::test_competing_chains_with_invalid PASSED [  4%]
tests/xai_tests/integration/test_chain_reorg_comprehensive.py::TestReorgWithDifferentDifficulty::test_reorg_preserves_difficulty_changes PASSED [  4%]
tests/xai_tests/integration/test_chain_reorg_comprehensive.py::TestReorgWithDifferentDifficulty::test_reorg_with_adaptive_difficulty PASSED [  4%]
tests/xai_tests/integration/test_chain_reorg_comprehensive.py::TestReorgEdgeCases::test_reorg_to_empty_chain PASSED [  4%]
tests/xai_tests/integration/test_chain_reorg_comprehensive.py::TestReorgEdgeCases::test_reorg_with_genesis_only PASSED [  4%]
tests/xai_tests/integration/test_chain_reorg_comprehensive.py::TestReorgEdgeCases::test_self_reorg_no_op PASSED [  4%]
tests/xai_tests/integration/test_chain_reorg_comprehensive.py::TestFinalizationDuringReorg::test_finalized_blocks_not_reorged PASSED [  4%]
tests/xai_tests/integration/test_chain_reorg_comprehensive.py::TestFinalizationDuringReorg::test_soft_finality_still_reorgable PASSED [  4%]
tests/xai_tests/integration/test_governance.py::TestGovernanceInitialization::test_create_governance PASSED [  4%]
tests/xai_tests/integration/test_governance.py::TestGovernanceInitialization::test_governance_parameters PASSED [  4%]
tests/xai_tests/integration/test_governance.py::TestGovernanceInitialization::test_voter_types PASSED [  4%]
tests/xai_tests/integration/test_governance.py::TestProposalCreation::test_create_proposal PASSED [  4%]
tests/xai_tests/integration/test_governance.py::TestProposalCreation::test_proposal_has_required_fields PASSED [  4%]
tests/xai_tests/integration/test_governance.py::TestProposalCreation::test_multiple_proposals PASSED [  4%]
tests/xai_tests/integration/test_governance.py::TestVotingMechanism::test_cast_vote PASSED [  4%]
tests/xai_tests/integration/test_governance.py::TestVotingMechanism::test_vote_options PASSED [  4%]
tests/xai_tests/integration/test_governance.py::TestVotingMechanism::test_quadratic_voting PASSED [  4%]
tests/xai_tests/integration/test_governance.py::TestVotingMechanism::test_prevent_double_voting PASSED [  4%]
tests/xai_tests/integration/test_governance.py::TestVotingPower::test_voting_power_display PASSED [  4%]
tests/xai_tests/integration/test_governance.py::TestVotingPower::test_time_decay PASSED [  4%]
tests/xai_tests/integration/test_governance.py::TestVotingPower::test_voter_type_weight PASSED [  4%]
tests/xai_tests/integration/test_governance.py::TestVotingPower::test_hybrid_voter_bonus PASSED [  4%]
tests/xai_tests/integration/test_governance.py::TestProposalExecution::test_proposal_passes_with_majority PASSED [  4%]
tests/xai_tests/integration/test_governance.py::TestProposalExecution::test_proposal_fails_without_majority PASSED [  4%]
tests/xai_tests/integration/test_governance.py::TestProposalExecution::test_proposal_timelock PASSED [  5%]
tests/xai_tests/integration/test_governance.py::TestProposalExecution::test_execute_proposal PASSED [  5%]
tests/xai_tests/integration/test_governance.py::TestGovernanceIntegration::test_proposal_on_blockchain PASSED [  5%]
tests/xai_tests/integration/test_governance.py::TestGovernanceIntegration::test_voting_with_blockchain_verification PASSED [  5%]
tests/xai_tests/integration/test_governance.py::TestGovernanceIntegration::test_governance_transaction_type PASSED [  5%]
tests/xai_tests/integration/test_governance.py::TestGovernanceParameters::test_get_parameters PASSED [  5%]
tests/xai_tests/integration/test_governance.py::TestGovernanceParameters::test_update_parameters PASSED [  5%]
tests/xai_tests/integration/test_governance.py::TestGovernanceParameters::test_parameter_change_proposal PASSED [  5%]
tests/xai_tests/integration/test_mining.py::TestMiningWorkflow::test_mine_empty_block PASSED [  5%]
tests/xai_tests/integration/test_mining.py::TestMiningWorkflow::test_mine_block_with_transactions PASSED [  5%]
tests/xai_tests/integration/test_mining.py::TestMiningWorkflow::test_mining_reward_distribution PASSED [  5%]
tests/xai_tests/integration/test_mining.py::TestMiningWorkflow::test_transaction_fees_to_miner PASSED [  5%]
tests/xai_tests/integration/test_mining.py::TestMiningWorkflow::test_multiple_transactions_in_block PASSED [  5%]
tests/xai_tests/integration/test_mining.py::TestMiningWorkflow::test_consecutive_mining PASSED [  5%]
tests/xai_tests/integration/test_mining.py::TestMiningRewards::test_initial_reward_correct PASSED [  5%]
tests/xai_tests/integration/test_mining.py::TestMiningRewards::test_reward_consistency PASSED [  5%]
tests/xai_tests/integration/test_mining.py::TestMiningRewards::test_reward_halving_integration PASSED [  5%]
tests/xai_tests/integration/test_mining.py::TestMiningRewards::test_cumulative_rewards PASSED [  5%]
tests/xai_tests/integration/test_mining.py::TestMiningWithTransactions::test_transaction_confirmation PASSED [  5%]
tests/xai_tests/integration/test_mining.py::TestMiningWithTransactions::test_invalid_transaction_rejection PASSED [  5%]
tests/xai_tests/integration/test_mining.py::TestMiningWithTransactions::test_multiple_senders_one_block PASSED [  5%]
tests/xai_tests/integration/test_mining.py::TestMiningWithTransactions::test_chain_transaction_flow PASSED [  5%]
tests/xai_tests/integration/test_mining.py::TestMiningValidation::test_valid_mined_block PASSED [  5%]
tests/xai_tests/integration/test_mining.py::TestMiningValidation::test_block_linking_integrity PASSED [  5%]
tests/xai_tests/integration/test_mining.py::TestMiningValidation::test_utxo_consistency PASSED [  5%]
tests/xai_tests/integration/test_mining.py::TestMiningPerformance::test_mining_time_reasonable PASSED [  5%]
tests/xai_tests/integration/test_mining.py::TestMiningPerformance::test_difficulty_affects_time PASSED [  5%]
tests/xai_tests/integration/test_multi_node_consensus.py::TestMultiNodeConsensus::test_three_nodes_mine_same_height PASSED [  5%]
tests/xai_tests/integration/test_multi_node_consensus.py::TestMultiNodeConsensus::test_block_propagation_between_nodes PASSED [  5%]
tests/xai_tests/integration/test_multi_node_consensus.py::TestMultiNodeConsensus::test_consensus_on_invalid_block PASSED [  5%]
tests/xai_tests/integration/test_multi_node_consensus.py::TestMultiNodeConsensus::test_majority_consensus_longest_chain PASSED [  5%]
tests/xai_tests/integration/test_multi_node_consensus.py::TestMultiNodeConsensus::test_consensus_with_transactions FAILED [  5%]
tests/xai_tests/integration/test_multi_node_consensus.py::TestMultiNodeConsensus::test_double_spend_prevention PASSED [  5%]
tests/xai_tests/integration/test_multi_node_consensus.py::TestMultiNodeConsensus::test_consensus_manager_operations PASSED [  5%]
tests/xai_tests/integration/test_multi_node_consensus.py::TestMultiNodeConsensus::test_concurrent_mining_different_nodes PASSED [  5%]
tests/xai_tests/integration/test_multi_node_consensus.py::TestMultiNodeConsensus::test_fork_resolution PASSED [  5%]
tests/xai_tests/integration/test_multi_node_consensus.py::TestMultiNodeConsensus::test_block_validation_across_nodes FAILED [  5%]
tests/xai_tests/integration/test_multi_node_consensus.py::TestConsensusEdgeCases::test_single_node_network PASSED [  5%]
tests/xai_tests/integration/test_multi_node_consensus.py::TestConsensusEdgeCases::test_empty_block_propagation PASSED [  5%]
tests/xai_tests/integration/test_multi_node_consensus.py::TestConsensusEdgeCases::test_rapid_block_sequence PASSED [  5%]
tests/xai_tests/integration/test_multi_node_consensus_comprehensive.py::TestThreeNodeConsensus::test_three_nodes_reach_consensus PASSED [  5%]
tests/xai_tests/integration/test_multi_node_consensus_comprehensive.py::TestThreeNodeConsensus::test_three_nodes_concurrent_mining PASSED [  5%]
tests/xai_tests/integration/test_multi_node_consensus_comprehensive.py::TestFiveNodeConsensus::test_five_nodes_majority_consensus PASSED [  5%]
tests/xai_tests/integration/test_multi_node_consensus_comprehensive.py::TestFiveNodeConsensus::test_byzantine_minority_rejected PASSED [  5%]
tests/xai_tests/integration/test_multi_node_consensus_comprehensive.py::TestBlockPropagation::test_block_propagates_to_all_nodes PASSED [  5%]
tests/xai_tests/integration/test_multi_node_consensus_comprehensive.py::TestBlockPropagation::test_block_propagation_monitoring PASSED [  5%]
tests/xai_tests/integration/test_multi_node_consensus_comprehensive.py::TestBlockPropagation::test_slow_propagation_detected PASSED [  6%]
tests/xai_tests/integration/test_multi_node_consensus_comprehensive.py::TestTransactionPropagation::test_transaction_reaches_all_nodes PASSED [  6%]
tests/xai_tests/integration/test_multi_node_consensus_comprehensive.py::TestNetworkPartitions::test_network_split_creates_forks PASSED [  6%]
tests/xai_tests/integration/test_multi_node_consensus_comprehensive.py::TestNetworkPartitions::test_network_heal_resolves_forks PASSED [  6%]
tests/xai_tests/integration/test_multi_node_consensus_comprehensive.py::TestConsensusUnderLoad::test_consensus_with_many_pending_transactions PASSED [  6%]
tests/xai_tests/integration/test_multi_node_consensus_comprehensive.py::TestConsensusUnderLoad::test_consensus_with_rapid_blocks PASSED [  6%]
tests/xai_tests/integration/test_multi_node_consensus_comprehensive.py::TestConsensusFairness::test_all_nodes_can_mine PASSED [  6%]
tests/xai_tests/integration/test_multi_node_consensus_comprehensive.py::TestConsensusFairness::test_no_mining_monopoly PASSED [  6%]
tests/xai_tests/integration/test_multi_node_consensus_comprehensive.py::TestAdvancedConsensusManager::test_manager_coordinates_consensus PASSED [  6%]
tests/xai_tests/integration/test_multi_node_consensus_comprehensive.py::TestAdvancedConsensusManager::test_manager_handles_orphans_across_network PASSED [  6%]
tests/xai_tests/integration/test_multi_node_consensus_comprehensive.py::TestConsensusRecovery::test_recovery_from_invalid_block PASSED [  6%]
tests/xai_tests/integration/test_multi_node_consensus_comprehensive.py::TestConsensusRecovery::test_recovery_from_chain_corruption PASSED [  6%]
tests/xai_tests/integration/test_multi_node_consensus_comprehensive.py::TestConsensusMetrics::test_consensus_info_accuracy PASSED [  6%]
tests/xai_tests/integration/test_multi_node_consensus_comprehensive.py::TestConsensusMetrics::test_integrity_check_catches_issues PASSED [  6%]
tests/xai_tests/integration/test_network.py::TestPeerConnection::test_initialize_peer_set PASSED [  6%]
tests/xai_tests/integration/test_network.py::TestPeerConnection::test_add_peer PASSED [  6%]
tests/xai_tests/integration/test_network.py::TestPeerConnection::test_remove_peer PASSED [  6%]
tests/xai_tests/integration/test_network.py::TestPeerConnection::test_unique_peers PASSED [  6%]
tests/xai_tests/integration/test_network.py::TestBlockPropagation::test_new_block_creation PASSED [  6%]
tests/xai_tests/integration/test_network.py::TestBlockPropagation::test_block_serialization PASSED [  6%]
tests/xai_tests/integration/test_network.py::TestBlockPropagation::test_block_validation_on_receive PASSED [  6%]
tests/xai_tests/integration/test_network.py::TestBlockPropagation::test_chain_synchronization PASSED [  6%]
tests/xai_tests/integration/test_network.py::TestChainConsensus::test_longest_chain_selection PASSED [  6%]
tests/xai_tests/integration/test_network.py::TestChainConsensus::test_chain_replacement_validation PASSED [  6%]
tests/xai_tests/integration/test_network.py::TestChainConsensus::test_reject_invalid_chain PASSED [  6%]
tests/xai_tests/integration/test_network.py::TestTransactionPropagation::test_add_transaction_to_mempool PASSED [  6%]
tests/xai_tests/integration/test_network.py::TestTransactionPropagation::test_transaction_broadcast PASSED [  6%]
tests/xai_tests/integration/test_network.py::TestTransactionPropagation::test_duplicate_transaction_handling PASSED [  6%]
tests/xai_tests/integration/test_network.py::TestNetworkSynchronization::test_sync_from_genesis PASSED [  6%]
tests/xai_tests/integration/test_network.py::TestNetworkSynchronization::test_sync_new_blocks PASSED [  6%]
tests/xai_tests/integration/test_network.py::TestNetworkSynchronization::test_sync_with_transactions 